
> newpro@1.0.0 test
> vitest --run


[1m[30m[46m RUN [49m[39m[22m [36mv4.1.5 [39m[90mC:/Users/Dell/Desktop/NewPro[39m

node.exe : [90mstderr[2m | app.test.js[2m > [22m[2mGitaWisdom App UI Tests[2m > [22m[2mshould initialize with 
the login modal active
At line:1 char:1
+ & "C:\Program Files\nodejs/node.exe" "C:\Program Files\nodejs/node_mo ...
+ ~~~~~~~~~~~~~~~~~~~~~~~~~~~~~~~~~~~~~~~~~~~~~~~~~~~~~~~~~~~~~~~~~~~~~
    + CategoryInfo          : NotSpecified: ([90mstderr[2m...in modal active:String) [], RemoteException
    + FullyQualifiedErrorId : NativeCommandError
 
[22m[39mabout:blank:1
import { userProfile, updateProfile, greetings } from './js/profileAgent.js';
^^^^^^

SyntaxError: Cannot use import statement outside a module
    at new Script (node:vm:117:7)
    at createScript (node:vm:269:10)
    at Object.runInContext (node:vm:300:10)
    at processJavaScript 
(C:\Users\Dell\Desktop\NewPro\node_modules\jsdom\lib\jsdom\living\nodes\HTMLScriptElement-impl.js:231:10)
    at HTMLScriptElementImpl._innerEval 
(C:\Users\Dell\Desktop\NewPro\node_modules\jsdom\lib\jsdom\living\nodes\HTMLScriptElement-impl.js:166:5)
    at C:\Users\Dell\Desktop\NewPro\node_modules\jsdom\lib\jsdom\living\nodes\HTMLScriptElement-impl.js:107:12
    at ResourceQueue.push 
(C:\Users\Dell\Desktop\NewPro\node_modules\jsdom\lib\jsdom\browser\resources\resource-queue.js:53:16)
    at HTMLScriptElementImpl._fetchInternalScript 
(C:\Users\Dell\Desktop\NewPro\node_modules\jsdom\lib\jsdom\living\nodes\HTMLScriptElement-impl.js:106:21)
    at HTMLScriptElementImpl._eval 
(C:\Users\Dell\Desktop\NewPro\node_modules\jsdom\lib\jsdom\living\nodes\HTMLScriptElement-impl.js:160:12)
    at HTMLScriptElementImpl._attach 
(C:\Users\Dell\Desktop\NewPro\node_modules\jsdom\lib\jsdom\living\nodes\HTMLScriptElement-impl.js:48:12)

[90mstderr[2m | app.test.js[2m > [22m[2mGitaWisdom App UI Tests[2m > [22m[2mshould show OTP input when "Send 
OTP" is clicked
[22m[39mabout:blank:1
import { userProfile, updateProfile, greetings } from './js/profileAgent.js';
^^^^^^

SyntaxError: Cannot use import statement outside a module
    at new Script (node:vm:117:7)
    at createScript (node:vm:269:10)
    at Object.runInContext (node:vm:300:10)
    at processJavaScript 
(C:\Users\Dell\Desktop\NewPro\node_modules\jsdom\lib\jsdom\living\nodes\HTMLScriptElement-impl.js:231:10)
    at HTMLScriptElementImpl._innerEval 
(C:\Users\Dell\Desktop\NewPro\node_modules\jsdom\lib\jsdom\living\nodes\HTMLScriptElement-impl.js:166:5)
    at C:\Users\Dell\Desktop\NewPro\node_modules\jsdom\lib\jsdom\living\nodes\HTMLScriptElement-impl.js:107:12
    at ResourceQueue.push 
(C:\Users\Dell\Desktop\NewPro\node_modules\jsdom\lib\jsdom\browser\resources\resource-queue.js:53:16)
    at HTMLScriptElementImpl._fetchInternalScript 
(C:\Users\Dell\Desktop\NewPro\node_modules\jsdom\lib\jsdom\living\nodes\HTMLScriptElement-impl.js:106:21)
    at HTMLScriptElementImpl._eval 
(C:\Users\Dell\Desktop\NewPro\node_modules\jsdom\lib\jsdom\living\nodes\HTMLScriptElement-impl.js:160:12)
    at HTMLScriptElementImpl._attach 
(C:\Users\Dell\Desktop\NewPro\node_modules\jsdom\lib\jsdom\living\nodes\HTMLScriptElement-impl.js:48:12)

[90mstderr[2m | app.test.js[2m > [22m[2mGitaWisdom App UI Tests[2m > [22m[2mshould complete onboarding and 
hide modal when "Begin Journey" is clicked
[22m[39mabout:blank:1
import { userProfile, updateProfile, greetings } from './js/profileAgent.js';
^^^^^^

SyntaxError: Cannot use import statement outside a module
    at new Script (node:vm:117:7)
    at createScript (node:vm:269:10)
    at Object.runInContext (node:vm:300:10)
    at processJavaScript 
(C:\Users\Dell\Desktop\NewPro\node_modules\jsdom\lib\jsdom\living\nodes\HTMLScriptElement-impl.js:231:10)
    at HTMLScriptElementImpl._innerEval 
(C:\Users\Dell\Desktop\NewPro\node_modules\jsdom\lib\jsdom\living\nodes\HTMLScriptElement-impl.js:166:5)
    at C:\Users\Dell\Desktop\NewPro\node_modules\jsdom\lib\jsdom\living\nodes\HTMLScriptElement-impl.js:107:12
    at ResourceQueue.push 
(C:\Users\Dell\Desktop\NewPro\node_modules\jsdom\lib\jsdom\browser\resources\resource-queue.js:53:16)
    at HTMLScriptElementImpl._fetchInternalScript 
(C:\Users\Dell\Desktop\NewPro\node_modules\jsdom\lib\jsdom\living\nodes\HTMLScriptElement-impl.js:106:21)
    at HTMLScriptElementImpl._eval 
(C:\Users\Dell\Desktop\NewPro\node_modules\jsdom\lib\jsdom\living\nodes\HTMLScriptElement-impl.js:160:12)
    at HTMLScriptElementImpl._attach 
(C:\Users\Dell\Desktop\NewPro\node_modules\jsdom\lib\jsdom\living\nodes\HTMLScriptElement-impl.js:48:12)

[90mstderr[2m | app.test.js[2m > [22m[2mGitaWisdom App UI Tests[2m > [22m[2mshould update spiritual depth 
preference
[22m[39mabout:blank:1
import { userProfile, updateProfile, greetings } from './js/profileAgent.js';
^^^^^^

SyntaxError: Cannot use import statement outside a module
    at new Script (node:vm:117:7)
    at createScript (node:vm:269:10)
    at Object.runInContext (node:vm:300:10)
    at processJavaScript 
(C:\Users\Dell\Desktop\NewPro\node_modules\jsdom\lib\jsdom\living\nodes\HTMLScriptElement-impl.js:231:10)
    at HTMLScriptElementImpl._innerEval 
(C:\Users\Dell\Desktop\NewPro\node_modules\jsdom\lib\jsdom\living\nodes\HTMLScriptElement-impl.js:166:5)
    at C:\Users\Dell\Desktop\NewPro\node_modules\jsdom\lib\jsdom\living\nodes\HTMLScriptElement-impl.js:107:12
    at ResourceQueue.push 
(C:\Users\Dell\Desktop\NewPro\node_modules\jsdom\lib\jsdom\browser\resources\resource-queue.js:53:16)
    at HTMLScriptElementImpl._fetchInternalScript 
(C:\Users\Dell\Desktop\NewPro\node_modules\jsdom\lib\jsdom\living\nodes\HTMLScriptElement-impl.js:106:21)
    at HTMLScriptElementImpl._eval 
(C:\Users\Dell\Desktop\NewPro\node_modules\jsdom\lib\jsdom\living\nodes\HTMLScriptElement-impl.js:160:12)
    at HTMLScriptElementImpl._attach 
(C:\Users\Dell\Desktop\NewPro\node_modules\jsdom\lib\jsdom\living\nodes\HTMLScriptElement-impl.js:48:12)

[90mstderr[2m | app.test.js[2m > [22m[2mGitaWisdom App UI Tests[2m > [22m[2mshould add messages to chat history
[22m[39mabout:blank:1
import { userProfile, updateProfile, greetings } from './js/profileAgent.js';
^^^^^^

SyntaxError: Cannot use import statement outside a module
    at new Script (node:vm:117:7)
    at createScript (node:vm:269:10)
    at Object.runInContext (node:vm:300:10)
    at processJavaScript 
(C:\Users\Dell\Desktop\NewPro\node_modules\jsdom\lib\jsdom\living\nodes\HTMLScriptElement-impl.js:231:10)
    at HTMLScriptElementImpl._innerEval 
(C:\Users\Dell\Desktop\NewPro\node_modules\jsdom\lib\jsdom\living\nodes\HTMLScriptElement-impl.js:166:5)
    at C:\Users\Dell\Desktop\NewPro\node_modules\jsdom\lib\jsdom\living\nodes\HTMLScriptElement-impl.js:107:12
    at ResourceQueue.push 
(C:\Users\Dell\Desktop\NewPro\node_modules\jsdom\lib\jsdom\browser\resources\resource-queue.js:53:16)
    at HTMLScriptElementImpl._fetchInternalScript 
(C:\Users\Dell\Desktop\NewPro\node_modules\jsdom\lib\jsdom\living\nodes\HTMLScriptElement-impl.js:106:21)
    at HTMLScriptElementImpl._eval 
(C:\Users\Dell\Desktop\NewPro\node_modules\jsdom\lib\jsdom\living\nodes\HTMLScriptElement-impl.js:160:12)
    at HTMLScriptElementImpl._attach 
(C:\Users\Dell\Desktop\NewPro\node_modules\jsdom\lib\jsdom\living\nodes\HTMLScriptElement-impl.js:48:12)

 [31mΓ¥»[39m app.test.js [2m([22m[2m5 tests[22m[2m | [22m[31m4 failed[39m[2m)[22m[33m 680[2mms[22m[39m
     [33m[2mΓ£ô[22m[39m should initialize with the login modal active [33m 438[2mms[22m[39m
[31m     [31m├ù[31m should show OTP input when "Send OTP" is clicked[39m[32m 71[2mms[22m[39m
[31m     [31m├ù[31m should complete onboarding and hide modal when "Begin Journey" is clicked[39m[32m 53[2mms[22m[39m
[31m     [31m├ù[31m should update spiritual depth preference[39m[32m 65[2mms[22m[39m
[31m     [31m├ù[31m should add messages to chat history[39m[32m 49[2mms[22m[39m

[31mΓÄ»ΓÄ»ΓÄ»ΓÄ»ΓÄ»ΓÄ»ΓÄ»[39m[1m[41m Failed Tests 4 [49m[22m[31mΓÄ»ΓÄ»ΓÄ»ΓÄ»ΓÄ»ΓÄ»ΓÄ»[39m

[41m[1m FAIL [22m[49m app.test.js[2m > [22mGitaWisdom App UI Tests[2m > [22mshould show OTP input when "Send 
OTP" is clicked
[31m[1mAssertionError[22m: expected 'none' to be 'block' // Object.is equality[39m

Expected: [32m"block"[39m
Received: [31m"none"[39m

[36m [2mΓ¥»[22m app.test.js:[2m41:40[22m[39m
    [90m 39|[39m         sendOtpBtn[33m.[39m[34mclick[39m()[33m;[39m
    [90m 40|[39m
    [90m 41|[39m         
[34mexpect[39m(otpInput[33m.[39mstyle[33m.[39mdisplay)[33m.[39m[34mtoBe[39m([32m'block'[39m)[33m;[39m
    [90m   |[39m                                        [31m^[39m
    [90m 42|[39m         
[34mexpect[39m(sendOtpBtn[33m.[39mtextContent)[33m.[39m[34mtoBe[39m([32m'Sent!'[39m)[33m;[39m
    [90m 43|[39m     })[33m;[39m

[31m[2mΓÄ»ΓÄ»ΓÄ»ΓÄ»ΓÄ»ΓÄ»ΓÄ»ΓÄ»ΓÄ»ΓÄ»ΓÄ»ΓÄ»ΓÄ»ΓÄ»ΓÄ»ΓÄ»ΓÄ»ΓÄ»ΓÄ»ΓÄ»ΓÄ»ΓÄ»ΓÄ»ΓÄ»[1/4]ΓÄ»[22m[39m

[41m[1m FAIL [22m[49m app.test.js[2m > [22mGitaWisdom App UI Tests[2m > [22mshould complete onboarding and 
hide modal when "Begin Journey" is clicked
[31m[1mAssertionError[22m: expected true to be false // Object.is equality[39m

[32m- Expected[39m
[31m+ Received[39m

[32m- false[39m
[31m+ true[39m

[36m [2mΓ¥»[22m app.test.js:[2m53:57[22m[39m
    [90m 51|[39m         startJourneyBtn[33m.[39m[34mclick[39m()[33m;[39m
    [90m 52|[39m
    [90m 53|[39m         [34mexpect[39m(loginModal[33m.[39mclassList[33m.[39m[34mcontains[39m([32m'active'[
39m))[33m.[39m[34mtoBe[39m([35mfalse[39m)[33m;[39m
    [90m   |[39m                                                         [31m^[39m
    [90m 54|[39m         expect(document.body.classList.contains('login-pending')).toBeΓÇª
    [90m 55|[39m     })[33m;[39m

[31m[2mΓÄ»ΓÄ»ΓÄ»ΓÄ»ΓÄ»ΓÄ»ΓÄ»ΓÄ»ΓÄ»ΓÄ»ΓÄ»ΓÄ»ΓÄ»ΓÄ»ΓÄ»ΓÄ»ΓÄ»ΓÄ»ΓÄ»ΓÄ»ΓÄ»ΓÄ»ΓÄ»ΓÄ»[2/4]ΓÄ»[22m[39m

[41m[1m FAIL [22m[49m app.test.js[2m > [22mGitaWisdom App UI Tests[2m > [22mshould update spiritual depth 
preference

[2m Test Files [22m [1m[31m1 failed[39m[22m[90m (1)[39m
[2m      Tests [22m [1m[31m4 failed[39m[22m[2m | [22m[1m[32m1 passed[39m[22m[90m (5)[39m
[2m   Start at [22m 18:45:27
[2m   Duration [22m 3.72s[2m (transform 96ms, setup 0ms, import 2.67s, tests 680ms, environment 0ms)[22m

[31m[1mAssertionError[22m: expected false to be true // Object.is equality[39m

[32m- Expected[39m
[31m+ Received[39m

[32m- true[39m
[31m+ false[39m

[36m [2mΓ¥»[22m app.test.js:[2m61:54[22m[39m
    [90m 59|[39m         deepBtn[33m.[39m[34mclick[39m()[33m;[39m
    [90m 60|[39m
    [90m 61|[39m         [34mexpect[39m(deepBtn[33m.[39mclassList[33m.[39m[34mcontains[39m([32m'active'[39m
))[33m.[39m[34mtoBe[39m([35mtrue[39m)[33m;[39m
    [90m   |[39m                                                      [31m^[39m
    [90m 62|[39m         [90m// Checking internal state via a simulated check if possible, [39m
    [90m 63|[39m         [90m// or just verify UI state since we are testing UI-focused.[39m

[31m[2mΓÄ»ΓÄ»ΓÄ»ΓÄ»ΓÄ»ΓÄ»ΓÄ»ΓÄ»ΓÄ»ΓÄ»ΓÄ»ΓÄ»ΓÄ»ΓÄ»ΓÄ»ΓÄ»ΓÄ»ΓÄ»ΓÄ»ΓÄ»ΓÄ»ΓÄ»ΓÄ»ΓÄ»[3/4]ΓÄ»[22m[39m

[41m[1m FAIL [22m[49m app.test.js[2m > [22mGitaWisdom App UI Tests[2m > [22mshould add messages to chat history
[31m[1mAssertionError[22m: expected '\n                    Greetings, seekΓÇª' to be 'How to handle stress?' // 
Object.is equality[39m

[32m- Expected[39m
[31m+ Received[39m

[32m- How to handle stress?[39m
[31m+[39m
[31m+                     Greetings, seeker. What guidance do you search for today?[39m
[31m+                 [39m

[36m [2mΓ¥»[22m app.test.js:[2m76:59[22m[39m
    [90m 74|[39m         [35mconst[39m messages [33m=[39m 
chatHistory[33m.[39m[34mquerySelectorAll[39m([32m'.message'[39m)[33m;[39m
    [90m 75|[39m         
[34mexpect[39m(messages[33m.[39mlength)[33m.[39m[34mtoBeGreaterThan[39m([34m0[39m)[33m;[39m
    [90m 76|[39m         expect(messages[messages.length - 1].textContent).toBe('How toΓÇª
    [90m   |[39m                                                           [31m^[39m
    [90m 77|[39m     })[33m;[39m
    [90m 78|[39m })[33m;[39m

[31m[2mΓÄ»ΓÄ»ΓÄ»ΓÄ»ΓÄ»ΓÄ»ΓÄ»ΓÄ»ΓÄ»ΓÄ»ΓÄ»ΓÄ»ΓÄ»ΓÄ»ΓÄ»ΓÄ»ΓÄ»ΓÄ»ΓÄ»ΓÄ»ΓÄ»ΓÄ»ΓÄ»ΓÄ»[4/4]ΓÄ»[22m[39m

